// Jest Snapshot v1, https://goo.gl/fbAQLP

exports[`About renders correctly 1`] = `
Object {
  "asFragment": [Function],
  "baseElement": <body>
    <div>
      <div
        class="sc-fzokOt fDdLCv page"
      >
        <header
          class="sc-AxheI jXGDfO header"
        >
          <h1
            class="sc-AxjAm sc-Axmtr etMOqb header__title heading heading--h1"
          >
            <a
              aria-current="page"
              class="sc-AxiKw LcKoT header__title__link"
              href="/"
            >
              Daniel Calderón
            </a>
          </h1>
          <nav
            class="sc-fzoLsD ypmdL header__navigation"
          >
            <a
              class="sc-AxirZ sc-AxhUy hgqkPn header__navigation__anchor header__navigation__anchor--showMenu"
              to="#headerMenu"
            >
              <span
                class="sc-AxhCb ccMvAG"
              >
                Go to navigation menu
              </span>
              <svg
                aria-hidden="true"
                class="svg-inline--fa fa-bars fa-w-14 "
                data-icon="bars"
                data-prefix="fas"
                focusable="false"
                role="img"
                viewBox="0 0 448 512"
                xmlns="http://www.w3.org/2000/svg"
              >
                <path
                  d="M16 132h416c8.837 0 16-7.163 16-16V76c0-8.837-7.163-16-16-16H16C7.163 60 0 67.163 0 76v40c0 8.837 7.163 16 16 16zm0 160h416c8.837 0 16-7.163 16-16v-40c0-8.837-7.163-16-16-16H16c-8.837 0-16 7.163-16 16v40c0 8.837 7.163 16 16 16zm0 160h416c8.837 0 16-7.163 16-16v-40c0-8.837-7.163-16-16-16H16c-8.837 0-16 7.163-16 16v40c0 8.837 7.163 16 16 16z"
                  fill="currentColor"
                />
              </svg>
            </a>
            <h1
              class="sc-AxjAm dxUEld header__navigation_title heading heading--h1"
            >
              Navigation menu
            </h1>
            <ul
              class="sc-AxgMl sc-AxmLO cahYMx header__navigation__list list"
              id="headerMenu"
            >
              <li
                class="sc-fzozJi cxwDqd"
              >
                <a
                  class="sc-AxiKw LcKoT header__navigation__link header__navigation__link--blog"
                  href="/blog"
                >
                  <svg
                    aria-hidden="true"
                    class="svg-inline--fa fa-newspaper fa-w-18 header__navigation__link__icon"
                    data-icon="newspaper"
                    data-prefix="fas"
                    focusable="false"
                    role="img"
                    viewBox="0 0 576 512"
                    xmlns="http://www.w3.org/2000/svg"
                  >
                    <path
                      d="M552 64H88c-13.255 0-24 10.745-24 24v8H24c-13.255 0-24 10.745-24 24v272c0 30.928 25.072 56 56 56h472c26.51 0 48-21.49 48-48V88c0-13.255-10.745-24-24-24zM56 400a8 8 0 0 1-8-8V144h16v248a8 8 0 0 1-8 8zm236-16H140c-6.627 0-12-5.373-12-12v-8c0-6.627 5.373-12 12-12h152c6.627 0 12 5.373 12 12v8c0 6.627-5.373 12-12 12zm208 0H348c-6.627 0-12-5.373-12-12v-8c0-6.627 5.373-12 12-12h152c6.627 0 12 5.373 12 12v8c0 6.627-5.373 12-12 12zm-208-96H140c-6.627 0-12-5.373-12-12v-8c0-6.627 5.373-12 12-12h152c6.627 0 12 5.373 12 12v8c0 6.627-5.373 12-12 12zm208 0H348c-6.627 0-12-5.373-12-12v-8c0-6.627 5.373-12 12-12h152c6.627 0 12 5.373 12 12v8c0 6.627-5.373 12-12 12zm0-96H140c-6.627 0-12-5.373-12-12v-40c0-6.627 5.373-12 12-12h360c6.627 0 12 5.373 12 12v40c0 6.627-5.373 12-12 12z"
                      fill="currentColor"
                    />
                  </svg>
                  Blog
                </a>
              </li>
              <li
                class="sc-fzozJi cxwDqd"
              >
                <a
                  class="sc-AxiKw LcKoT header__navigation__link header__navigation__link--about"
                  href="/about"
                >
                  <svg
                    aria-hidden="true"
                    class="svg-inline--fa fa-address-card fa-w-18 header__navigation__link__icon"
                    data-icon="address-card"
                    data-prefix="fas"
                    focusable="false"
                    role="img"
                    viewBox="0 0 576 512"
                    xmlns="http://www.w3.org/2000/svg"
                  >
                    <path
                      d="M528 32H48C21.5 32 0 53.5 0 80v352c0 26.5 21.5 48 48 48h480c26.5 0 48-21.5 48-48V80c0-26.5-21.5-48-48-48zm-352 96c35.3 0 64 28.7 64 64s-28.7 64-64 64-64-28.7-64-64 28.7-64 64-64zm112 236.8c0 10.6-10 19.2-22.4 19.2H86.4C74 384 64 375.4 64 364.8v-19.2c0-31.8 30.1-57.6 67.2-57.6h5c12.3 5.1 25.7 8 39.8 8s27.6-2.9 39.8-8h5c37.1 0 67.2 25.8 67.2 57.6v19.2zM512 312c0 4.4-3.6 8-8 8H360c-4.4 0-8-3.6-8-8v-16c0-4.4 3.6-8 8-8h144c4.4 0 8 3.6 8 8v16zm0-64c0 4.4-3.6 8-8 8H360c-4.4 0-8-3.6-8-8v-16c0-4.4 3.6-8 8-8h144c4.4 0 8 3.6 8 8v16zm0-64c0 4.4-3.6 8-8 8H360c-4.4 0-8-3.6-8-8v-16c0-4.4 3.6-8 8-8h144c4.4 0 8 3.6 8 8v16z"
                      fill="currentColor"
                    />
                  </svg>
                  About me
                </a>
              </li>
              <li
                class="sc-fzozJi cxwDqd"
              >
                <a
                  class="sc-AxirZ cSARNv header__navigation__link header__navigation__link--contact"
                  href="#contact"
                >
                  <svg
                    aria-hidden="true"
                    class="svg-inline--fa fa-envelope fa-w-16 header__navigation__link__icon"
                    data-icon="envelope"
                    data-prefix="fas"
                    focusable="false"
                    role="img"
                    viewBox="0 0 512 512"
                    xmlns="http://www.w3.org/2000/svg"
                  >
                    <path
                      d="M502.3 190.8c3.9-3.1 9.7-.2 9.7 4.7V400c0 26.5-21.5 48-48 48H48c-26.5 0-48-21.5-48-48V195.6c0-5 5.7-7.8 9.7-4.7 22.4 17.4 52.1 39.5 154.1 113.6 21.1 15.4 56.7 47.8 92.2 47.6 35.7.3 72-32.8 92.3-47.6 102-74.1 131.6-96.3 154-113.7zM256 320c23.2.4 56.6-29.2 73.4-41.4 132.7-96.3 142.8-104.7 173.4-128.7 5.8-4.5 9.2-11.5 9.2-18.9v-19c0-26.5-21.5-48-48-48H48C21.5 64 0 85.5 0 112v19c0 7.4 3.4 14.3 9.2 18.9 30.6 23.9 40.7 32.4 173.4 128.7 16.8 12.2 50.2 41.8 73.4 41.4z"
                      fill="currentColor"
                    />
                  </svg>
                  contact
                </a>
              </li>
            </ul>
            <a
              class="sc-AxirZ sc-AxhUy hgqkPn header__navigation__anchor header__navigation__anchor--hideMenu"
              to="#headerMenu"
            >
              <span
                class="sc-AxhCb ccMvAG"
              >
                Go up
              </span>
              <svg
                aria-hidden="true"
                class="svg-inline--fa fa-times-circle fa-w-16 "
                data-icon="times-circle"
                data-prefix="fas"
                focusable="false"
                role="img"
                viewBox="0 0 512 512"
                xmlns="http://www.w3.org/2000/svg"
              >
                <path
                  d="M256 8C119 8 8 119 8 256s111 248 248 248 248-111 248-248S393 8 256 8zm121.6 313.1c4.7 4.7 4.7 12.3 0 17L338 377.6c-4.7 4.7-12.3 4.7-17 0L256 312l-65.1 65.6c-4.7 4.7-12.3 4.7-17 0L134.4 338c-4.7-4.7-4.7-12.3 0-17l65.6-65-65.6-65.1c-4.7-4.7-4.7-12.3 0-17l39.6-39.6c4.7-4.7 12.3-4.7 17 0l65 65.7 65.1-65.6c4.7-4.7 12.3-4.7 17 0l39.6 39.6c4.7 4.7 4.7 12.3 0 17L312 256l65.6 65.1z"
                  fill="currentColor"
                />
              </svg>
            </a>
          </nav>
        </header>
        <aside
          class="sc-fzpans sc-fzqBZW cDfKOc"
          role="banner"
        >
          <h1
            class="sc-AxjAm dxUEld heading heading--h1"
          >
            Welcome message
          </h1>
          <p>
            Hi. I’m a 
            <mark>
              front-end developer
            </mark>
             from Sevilla.
            <br />
            I write here about things I love: 
            <mark>
              Javascript
            </mark>
            ,
             
            <mark>
              React
            </mark>
             and 
            <mark>
              CSS3
            </mark>
            .
          </p>
          <p>
            <mark>
              Be welcome.
            </mark>
          </p>
        </aside>
        <main
          class="sc-fzqNJr jRqpNG main"
        >
          <section
            class="sc-fzpans kEjOsX"
            role="complementary"
          >
            <header
              class="sc-fzplWN gwLoEI"
            >
              <h1
                class="sc-AxjAm sc-fznyAO cXUMSG heading heading--h1"
              >
                Latest articles
                 
                <small>
                  in my 
                  <a
                    class="sc-AxiKw LcKoT"
                    href="/blog"
                  >
                    blog
                  </a>
                </small>
              </h1>
            </header>
            <div
              class="sc-fznKkj eiRPwi"
            >
              <div
                class="sc-fznZeY ctNIfu"
              >
                This will be a blog post
              </div>
              <div
                class="sc-fznZeY ctNIfu"
              >
                This will be a blog post
              </div>
              <div
                class="sc-fznZeY ctNIfu"
              >
                This will be a blog post
              </div>
            </div>
          </section>
          <section
            class="sc-fzpans bxwNYX"
            id="contact"
          >
            <header
              class="sc-fzplWN gwLoEI"
            >
              <h1
                class="sc-AxjAm sc-fznyAO cXUMSG heading heading--h1"
              >
                Contact me
              </h1>
            </header>
            <div
              class="sc-fznKkj eiRPwi"
            >
              <div
                class="sc-fznZeY ctNIfu"
              >
                <p>
                  Take a sit. How can I help you?
                </p>
              </div>
              <div
                class="sc-fznZeY ctNIfu"
              >
                Your name + Email
              </div>
              <div
                class="sc-fznZeY ctNIfu"
              >
                Your message + Send your message
              </div>
            </div>
          </section>
          <section
            class="sc-fzpans fkvCEl"
            role="contentinfo"
          >
            <h1
              class="sc-AxjAm sc-fznyAO cXUMSG heading heading--h1"
            >
              I'm also in
            </h1>
            <ul
              class="sc-AxgMl iAnzxH list"
            >
              <li
                class="sc-fzoyAV fgcDZh"
              >
                <a
                  class="sc-AxirZ cSARNv"
                  href="https://github.com/calderon"
                  rel="external me"
                  title="github"
                >
                  github
                </a>
              </li>
              <li
                class="sc-fzoyAV fgcDZh"
              >
                <a
                  class="sc-AxirZ cSARNv"
                  href="https://twitter.com/dcalderon"
                  rel="external me"
                  title="twitter"
                >
                  twitter
                </a>
              </li>
              <li
                class="sc-fzoyAV fgcDZh"
              >
                <a
                  class="sc-AxirZ cSARNv"
                  href="http://linkedin.com/in/danielcalderon"
                  rel="external me"
                  title="linkedin"
                >
                  linkedin
                </a>
              </li>
              <li
                class="sc-fzoyAV fgcDZh"
              >
                <a
                  class="sc-AxirZ cSARNv"
                  href="https://stackoverflow.com/users/7442990/daniel-calder%c3%b3n-portillo"
                  rel="external me"
                  title="stack overflow"
                >
                  stack overflow
                </a>
              </li>
            </ul>
          </section>
        </main>
        <footer
          class="sc-fzpans bekeyF"
        >
          <div
            class="sc-fznKkj hCHeFQ"
          >
            <div
              class="sc-fznZeY ctNIfu"
            >
              <p>
                This blog is made with
                 
                <a
                  class="sc-AxirZ cSARNv"
                  href="https://www.gatsbyjs.org/"
                  rel="external "
                  title="gatsby"
                >
                  gatsby
                </a>
                , hosted in
                 
                <a
                  class="sc-AxirZ cSARNv"
                  href="https://github.com/calderon/blog"
                  rel="external me"
                  title="github"
                >
                  github
                </a>
                 
                and deployed using github actions.
              </p>
            </div>
            <div
              class="sc-fznZeY mdqQG"
              opacity=".6"
            >
              <p>
                the content from the blog is
                 
                <span
                  class="copyright"
                >
                  © 2020 danielcalderon.net
                </span>
              </p>
            </div>
          </div>
        </footer>
      </div>
    </div>
  </body>,
  "container": <div>
    <div
      class="sc-fzokOt fDdLCv page"
    >
      <header
        class="sc-AxheI jXGDfO header"
      >
        <h1
          class="sc-AxjAm sc-Axmtr etMOqb header__title heading heading--h1"
        >
          <a
            aria-current="page"
            class="sc-AxiKw LcKoT header__title__link"
            href="/"
          >
            Daniel Calderón
          </a>
        </h1>
        <nav
          class="sc-fzoLsD ypmdL header__navigation"
        >
          <a
            class="sc-AxirZ sc-AxhUy hgqkPn header__navigation__anchor header__navigation__anchor--showMenu"
            to="#headerMenu"
          >
            <span
              class="sc-AxhCb ccMvAG"
            >
              Go to navigation menu
            </span>
            <svg
              aria-hidden="true"
              class="svg-inline--fa fa-bars fa-w-14 "
              data-icon="bars"
              data-prefix="fas"
              focusable="false"
              role="img"
              viewBox="0 0 448 512"
              xmlns="http://www.w3.org/2000/svg"
            >
              <path
                d="M16 132h416c8.837 0 16-7.163 16-16V76c0-8.837-7.163-16-16-16H16C7.163 60 0 67.163 0 76v40c0 8.837 7.163 16 16 16zm0 160h416c8.837 0 16-7.163 16-16v-40c0-8.837-7.163-16-16-16H16c-8.837 0-16 7.163-16 16v40c0 8.837 7.163 16 16 16zm0 160h416c8.837 0 16-7.163 16-16v-40c0-8.837-7.163-16-16-16H16c-8.837 0-16 7.163-16 16v40c0 8.837 7.163 16 16 16z"
                fill="currentColor"
              />
            </svg>
          </a>
          <h1
            class="sc-AxjAm dxUEld header__navigation_title heading heading--h1"
          >
            Navigation menu
          </h1>
          <ul
            class="sc-AxgMl sc-AxmLO cahYMx header__navigation__list list"
            id="headerMenu"
          >
            <li
              class="sc-fzozJi cxwDqd"
            >
              <a
                class="sc-AxiKw LcKoT header__navigation__link header__navigation__link--blog"
                href="/blog"
              >
                <svg
                  aria-hidden="true"
                  class="svg-inline--fa fa-newspaper fa-w-18 header__navigation__link__icon"
                  data-icon="newspaper"
                  data-prefix="fas"
                  focusable="false"
                  role="img"
                  viewBox="0 0 576 512"
                  xmlns="http://www.w3.org/2000/svg"
                >
                  <path
                    d="M552 64H88c-13.255 0-24 10.745-24 24v8H24c-13.255 0-24 10.745-24 24v272c0 30.928 25.072 56 56 56h472c26.51 0 48-21.49 48-48V88c0-13.255-10.745-24-24-24zM56 400a8 8 0 0 1-8-8V144h16v248a8 8 0 0 1-8 8zm236-16H140c-6.627 0-12-5.373-12-12v-8c0-6.627 5.373-12 12-12h152c6.627 0 12 5.373 12 12v8c0 6.627-5.373 12-12 12zm208 0H348c-6.627 0-12-5.373-12-12v-8c0-6.627 5.373-12 12-12h152c6.627 0 12 5.373 12 12v8c0 6.627-5.373 12-12 12zm-208-96H140c-6.627 0-12-5.373-12-12v-8c0-6.627 5.373-12 12-12h152c6.627 0 12 5.373 12 12v8c0 6.627-5.373 12-12 12zm208 0H348c-6.627 0-12-5.373-12-12v-8c0-6.627 5.373-12 12-12h152c6.627 0 12 5.373 12 12v8c0 6.627-5.373 12-12 12zm0-96H140c-6.627 0-12-5.373-12-12v-40c0-6.627 5.373-12 12-12h360c6.627 0 12 5.373 12 12v40c0 6.627-5.373 12-12 12z"
                    fill="currentColor"
                  />
                </svg>
                Blog
              </a>
            </li>
            <li
              class="sc-fzozJi cxwDqd"
            >
              <a
                class="sc-AxiKw LcKoT header__navigation__link header__navigation__link--about"
                href="/about"
              >
                <svg
                  aria-hidden="true"
                  class="svg-inline--fa fa-address-card fa-w-18 header__navigation__link__icon"
                  data-icon="address-card"
                  data-prefix="fas"
                  focusable="false"
                  role="img"
                  viewBox="0 0 576 512"
                  xmlns="http://www.w3.org/2000/svg"
                >
                  <path
                    d="M528 32H48C21.5 32 0 53.5 0 80v352c0 26.5 21.5 48 48 48h480c26.5 0 48-21.5 48-48V80c0-26.5-21.5-48-48-48zm-352 96c35.3 0 64 28.7 64 64s-28.7 64-64 64-64-28.7-64-64 28.7-64 64-64zm112 236.8c0 10.6-10 19.2-22.4 19.2H86.4C74 384 64 375.4 64 364.8v-19.2c0-31.8 30.1-57.6 67.2-57.6h5c12.3 5.1 25.7 8 39.8 8s27.6-2.9 39.8-8h5c37.1 0 67.2 25.8 67.2 57.6v19.2zM512 312c0 4.4-3.6 8-8 8H360c-4.4 0-8-3.6-8-8v-16c0-4.4 3.6-8 8-8h144c4.4 0 8 3.6 8 8v16zm0-64c0 4.4-3.6 8-8 8H360c-4.4 0-8-3.6-8-8v-16c0-4.4 3.6-8 8-8h144c4.4 0 8 3.6 8 8v16zm0-64c0 4.4-3.6 8-8 8H360c-4.4 0-8-3.6-8-8v-16c0-4.4 3.6-8 8-8h144c4.4 0 8 3.6 8 8v16z"
                    fill="currentColor"
                  />
                </svg>
                About me
              </a>
            </li>
            <li
              class="sc-fzozJi cxwDqd"
            >
              <a
                class="sc-AxirZ cSARNv header__navigation__link header__navigation__link--contact"
                href="#contact"
              >
                <svg
                  aria-hidden="true"
                  class="svg-inline--fa fa-envelope fa-w-16 header__navigation__link__icon"
                  data-icon="envelope"
                  data-prefix="fas"
                  focusable="false"
                  role="img"
                  viewBox="0 0 512 512"
                  xmlns="http://www.w3.org/2000/svg"
                >
                  <path
                    d="M502.3 190.8c3.9-3.1 9.7-.2 9.7 4.7V400c0 26.5-21.5 48-48 48H48c-26.5 0-48-21.5-48-48V195.6c0-5 5.7-7.8 9.7-4.7 22.4 17.4 52.1 39.5 154.1 113.6 21.1 15.4 56.7 47.8 92.2 47.6 35.7.3 72-32.8 92.3-47.6 102-74.1 131.6-96.3 154-113.7zM256 320c23.2.4 56.6-29.2 73.4-41.4 132.7-96.3 142.8-104.7 173.4-128.7 5.8-4.5 9.2-11.5 9.2-18.9v-19c0-26.5-21.5-48-48-48H48C21.5 64 0 85.5 0 112v19c0 7.4 3.4 14.3 9.2 18.9 30.6 23.9 40.7 32.4 173.4 128.7 16.8 12.2 50.2 41.8 73.4 41.4z"
                    fill="currentColor"
                  />
                </svg>
                contact
              </a>
            </li>
          </ul>
          <a
            class="sc-AxirZ sc-AxhUy hgqkPn header__navigation__anchor header__navigation__anchor--hideMenu"
            to="#headerMenu"
          >
            <span
              class="sc-AxhCb ccMvAG"
            >
              Go up
            </span>
            <svg
              aria-hidden="true"
              class="svg-inline--fa fa-times-circle fa-w-16 "
              data-icon="times-circle"
              data-prefix="fas"
              focusable="false"
              role="img"
              viewBox="0 0 512 512"
              xmlns="http://www.w3.org/2000/svg"
            >
              <path
                d="M256 8C119 8 8 119 8 256s111 248 248 248 248-111 248-248S393 8 256 8zm121.6 313.1c4.7 4.7 4.7 12.3 0 17L338 377.6c-4.7 4.7-12.3 4.7-17 0L256 312l-65.1 65.6c-4.7 4.7-12.3 4.7-17 0L134.4 338c-4.7-4.7-4.7-12.3 0-17l65.6-65-65.6-65.1c-4.7-4.7-4.7-12.3 0-17l39.6-39.6c4.7-4.7 12.3-4.7 17 0l65 65.7 65.1-65.6c4.7-4.7 12.3-4.7 17 0l39.6 39.6c4.7 4.7 4.7 12.3 0 17L312 256l65.6 65.1z"
                fill="currentColor"
              />
            </svg>
          </a>
        </nav>
      </header>
      <aside
        class="sc-fzpans sc-fzqBZW cDfKOc"
        role="banner"
      >
        <h1
          class="sc-AxjAm dxUEld heading heading--h1"
        >
          Welcome message
        </h1>
        <p>
          Hi. I’m a 
          <mark>
            front-end developer
          </mark>
           from Sevilla.
          <br />
          I write here about things I love: 
          <mark>
            Javascript
          </mark>
          ,
           
          <mark>
            React
          </mark>
           and 
          <mark>
            CSS3
          </mark>
          .
        </p>
        <p>
          <mark>
            Be welcome.
          </mark>
        </p>
      </aside>
      <main
        class="sc-fzqNJr jRqpNG main"
      >
        <section
          class="sc-fzpans kEjOsX"
          role="complementary"
        >
          <header
            class="sc-fzplWN gwLoEI"
          >
            <h1
              class="sc-AxjAm sc-fznyAO cXUMSG heading heading--h1"
            >
              Latest articles
               
              <small>
                in my 
                <a
                  class="sc-AxiKw LcKoT"
                  href="/blog"
                >
                  blog
                </a>
              </small>
            </h1>
          </header>
          <div
            class="sc-fznKkj eiRPwi"
          >
            <div
              class="sc-fznZeY ctNIfu"
            >
              This will be a blog post
            </div>
            <div
              class="sc-fznZeY ctNIfu"
            >
              This will be a blog post
            </div>
            <div
              class="sc-fznZeY ctNIfu"
            >
              This will be a blog post
            </div>
          </div>
        </section>
        <section
          class="sc-fzpans bxwNYX"
          id="contact"
        >
          <header
            class="sc-fzplWN gwLoEI"
          >
            <h1
              class="sc-AxjAm sc-fznyAO cXUMSG heading heading--h1"
            >
              Contact me
            </h1>
          </header>
          <div
            class="sc-fznKkj eiRPwi"
          >
            <div
              class="sc-fznZeY ctNIfu"
            >
              <p>
                Take a sit. How can I help you?
              </p>
            </div>
            <div
              class="sc-fznZeY ctNIfu"
            >
              Your name + Email
            </div>
            <div
              class="sc-fznZeY ctNIfu"
            >
              Your message + Send your message
            </div>
          </div>
        </section>
        <section
          class="sc-fzpans fkvCEl"
          role="contentinfo"
        >
          <h1
            class="sc-AxjAm sc-fznyAO cXUMSG heading heading--h1"
          >
            I'm also in
          </h1>
          <ul
            class="sc-AxgMl iAnzxH list"
          >
            <li
              class="sc-fzoyAV fgcDZh"
            >
              <a
                class="sc-AxirZ cSARNv"
                href="https://github.com/calderon"
                rel="external me"
                title="github"
              >
                github
              </a>
            </li>
            <li
              class="sc-fzoyAV fgcDZh"
            >
              <a
                class="sc-AxirZ cSARNv"
                href="https://twitter.com/dcalderon"
                rel="external me"
                title="twitter"
              >
                twitter
              </a>
            </li>
            <li
              class="sc-fzoyAV fgcDZh"
            >
              <a
                class="sc-AxirZ cSARNv"
                href="http://linkedin.com/in/danielcalderon"
                rel="external me"
                title="linkedin"
              >
                linkedin
              </a>
            </li>
            <li
              class="sc-fzoyAV fgcDZh"
            >
              <a
                class="sc-AxirZ cSARNv"
                href="https://stackoverflow.com/users/7442990/daniel-calder%c3%b3n-portillo"
                rel="external me"
                title="stack overflow"
              >
                stack overflow
              </a>
            </li>
          </ul>
        </section>
      </main>
      <footer
        class="sc-fzpans bekeyF"
      >
        <div
          class="sc-fznKkj hCHeFQ"
        >
          <div
            class="sc-fznZeY ctNIfu"
          >
            <p>
              This blog is made with
               
              <a
                class="sc-AxirZ cSARNv"
                href="https://www.gatsbyjs.org/"
                rel="external "
                title="gatsby"
              >
                gatsby
              </a>
              , hosted in
               
              <a
                class="sc-AxirZ cSARNv"
                href="https://github.com/calderon/blog"
                rel="external me"
                title="github"
              >
                github
              </a>
               
              and deployed using github actions.
            </p>
          </div>
          <div
            class="sc-fznZeY mdqQG"
            opacity=".6"
          >
            <p>
              the content from the blog is
               
              <span
                class="copyright"
              >
                © 2020 danielcalderon.net
              </span>
            </p>
          </div>
        </div>
      </footer>
    </div>
  </div>,
  "debug": [Function],
  "findAllByAltText": [Function],
  "findAllByDisplayValue": [Function],
  "findAllByLabelText": [Function],
  "findAllByPlaceholderText": [Function],
  "findAllByRole": [Function],
  "findAllByTestId": [Function],
  "findAllByText": [Function],
  "findAllByTitle": [Function],
  "findByAltText": [Function],
  "findByDisplayValue": [Function],
  "findByLabelText": [Function],
  "findByPlaceholderText": [Function],
  "findByRole": [Function],
  "findByTestId": [Function],
  "findByText": [Function],
  "findByTitle": [Function],
  "getAllByAltText": [Function],
  "getAllByDisplayValue": [Function],
  "getAllByLabelText": [Function],
  "getAllByPlaceholderText": [Function],
  "getAllByRole": [Function],
  "getAllByTestId": [Function],
  "getAllByText": [Function],
  "getAllByTitle": [Function],
  "getByAltText": [Function],
  "getByDisplayValue": [Function],
  "getByLabelText": [Function],
  "getByPlaceholderText": [Function],
  "getByRole": [Function],
  "getByTestId": [Function],
  "getByText": [Function],
  "getByTitle": [Function],
  "queryAllByAltText": [Function],
  "queryAllByDisplayValue": [Function],
  "queryAllByLabelText": [Function],
  "queryAllByPlaceholderText": [Function],
  "queryAllByRole": [Function],
  "queryAllByTestId": [Function],
  "queryAllByText": [Function],
  "queryAllByTitle": [Function],
  "queryByAltText": [Function],
  "queryByDisplayValue": [Function],
  "queryByLabelText": [Function],
  "queryByPlaceholderText": [Function],
  "queryByRole": [Function],
  "queryByTestId": [Function],
  "queryByText": [Function],
  "queryByTitle": [Function],
  "rerender": [Function],
  "unmount": [Function],
}
`;
