// Jest Snapshot v1, https://goo.gl/fbAQLP

exports[`Header renders correctly 1`] = `
Object {
  "asFragment": [Function],
  "baseElement": <body>
    <div>
      <header
        class="sc-AxiKw eSCqxD header"
      >
        <h1
          class="sc-AxjAm sc-AxhCb gdZBxN header__title heading heading--h1"
        >
          <a
            aria-current="page"
            class="header__title__link"
            href="/"
          >
            Daniel Calderón
          </a>
        </h1>
        <nav
          class="sc-AxhUy kMyssT header__navigation"
        >
          <h1
            class="sc-AxjAm dxUEld header__navigation_title heading heading--h1"
          >
            Navigation menu
          </h1>
          <ul
            class="sc-AxirZ sc-AxgMl loCSKX header__navigation__list list"
          >
            <li
              class="sc-AxheI cOzwHk"
            >
              <a
                aria-current="page"
                class="header__navigation__link header__navigation__link--blog"
                href="/"
              >
                Blog
              </a>
            </li>
            <li
              class="sc-AxheI cOzwHk"
            >
              <a
                class="header__navigation__link header__navigation__link--about"
                href="/about"
              >
                About me
              </a>
            </li>
          </ul>
        </nav>
      </header>
    </div>
  </body>,
  "container": <div>
    <header
      class="sc-AxiKw eSCqxD header"
    >
      <h1
        class="sc-AxjAm sc-AxhCb gdZBxN header__title heading heading--h1"
      >
        <a
          aria-current="page"
          class="header__title__link"
          href="/"
        >
          Daniel Calderón
        </a>
      </h1>
      <nav
        class="sc-AxhUy kMyssT header__navigation"
      >
        <h1
          class="sc-AxjAm dxUEld header__navigation_title heading heading--h1"
        >
          Navigation menu
        </h1>
        <ul
          class="sc-AxirZ sc-AxgMl loCSKX header__navigation__list list"
        >
          <li
            class="sc-AxheI cOzwHk"
          >
            <a
              aria-current="page"
              class="header__navigation__link header__navigation__link--blog"
              href="/"
            >
              Blog
            </a>
          </li>
          <li
            class="sc-AxheI cOzwHk"
          >
            <a
              class="header__navigation__link header__navigation__link--about"
              href="/about"
            >
              About me
            </a>
          </li>
        </ul>
      </nav>
    </header>
  </div>,
  "debug": [Function],
  "findAllByAltText": [Function],
  "findAllByDisplayValue": [Function],
  "findAllByLabelText": [Function],
  "findAllByPlaceholderText": [Function],
  "findAllByRole": [Function],
  "findAllByTestId": [Function],
  "findAllByText": [Function],
  "findAllByTitle": [Function],
  "findByAltText": [Function],
  "findByDisplayValue": [Function],
  "findByLabelText": [Function],
  "findByPlaceholderText": [Function],
  "findByRole": [Function],
  "findByTestId": [Function],
  "findByText": [Function],
  "findByTitle": [Function],
  "getAllByAltText": [Function],
  "getAllByDisplayValue": [Function],
  "getAllByLabelText": [Function],
  "getAllByPlaceholderText": [Function],
  "getAllByRole": [Function],
  "getAllByTestId": [Function],
  "getAllByText": [Function],
  "getAllByTitle": [Function],
  "getByAltText": [Function],
  "getByDisplayValue": [Function],
  "getByLabelText": [Function],
  "getByPlaceholderText": [Function],
  "getByRole": [Function],
  "getByTestId": [Function],
  "getByText": [Function],
  "getByTitle": [Function],
  "queryAllByAltText": [Function],
  "queryAllByDisplayValue": [Function],
  "queryAllByLabelText": [Function],
  "queryAllByPlaceholderText": [Function],
  "queryAllByRole": [Function],
  "queryAllByTestId": [Function],
  "queryAllByText": [Function],
  "queryAllByTitle": [Function],
  "queryByAltText": [Function],
  "queryByDisplayValue": [Function],
  "queryByLabelText": [Function],
  "queryByPlaceholderText": [Function],
  "queryByRole": [Function],
  "queryByTestId": [Function],
  "queryByText": [Function],
  "queryByTitle": [Function],
  "rerender": [Function],
  "unmount": [Function],
}
`;
