// Jest Snapshot v1, https://goo.gl/fbAQLP

exports[`ExternalLinks renders correctly 1`] = `
Object {
  "asFragment": [Function],
  "baseElement": <body>
    <div>
      <aside
        class="sc-AxirZ geVuLN"
      >
        <h1
          class="sc-AxjAm sc-AxhCb hqTGCv heading heading--h1"
        >
          I'm also in
        </h1>
        <ul
          class="sc-AxheI ggEYld list"
        >
          <li
            class="sc-fzpans bihvlY"
          >
            <a
              class="sc-Axmtr cDyQjN"
              href="https://github.com/calderon"
              title="github"
            >
              github
            </a>
          </li>
          <li
            class="sc-fzpans bihvlY"
          >
            <a
              class="sc-Axmtr cDyQjN"
              href="https://twitter.com/dcalderon"
              title="twitter"
            >
              twitter
            </a>
          </li>
          <li
            class="sc-fzpans bihvlY"
          >
            <a
              class="sc-Axmtr cDyQjN"
              href="http://linkedin.com/in/danielcalderon"
              title="linkedin"
            >
              linkedin
            </a>
          </li>
          <li
            class="sc-fzpans bihvlY"
          >
            <a
              class="sc-Axmtr cDyQjN"
              href="https://stackoverflow.com/users/7442990/daniel-calder%c3%b3n-portillo"
              title="stack overflow"
            >
              stack overflow
            </a>
          </li>
        </ul>
      </aside>
    </div>
  </body>,
  "container": <div>
    <aside
      class="sc-AxirZ geVuLN"
    >
      <h1
        class="sc-AxjAm sc-AxhCb hqTGCv heading heading--h1"
      >
        I'm also in
      </h1>
      <ul
        class="sc-AxheI ggEYld list"
      >
        <li
          class="sc-fzpans bihvlY"
        >
          <a
            class="sc-Axmtr cDyQjN"
            href="https://github.com/calderon"
            title="github"
          >
            github
          </a>
        </li>
        <li
          class="sc-fzpans bihvlY"
        >
          <a
            class="sc-Axmtr cDyQjN"
            href="https://twitter.com/dcalderon"
            title="twitter"
          >
            twitter
          </a>
        </li>
        <li
          class="sc-fzpans bihvlY"
        >
          <a
            class="sc-Axmtr cDyQjN"
            href="http://linkedin.com/in/danielcalderon"
            title="linkedin"
          >
            linkedin
          </a>
        </li>
        <li
          class="sc-fzpans bihvlY"
        >
          <a
            class="sc-Axmtr cDyQjN"
            href="https://stackoverflow.com/users/7442990/daniel-calder%c3%b3n-portillo"
            title="stack overflow"
          >
            stack overflow
          </a>
        </li>
      </ul>
    </aside>
  </div>,
  "debug": [Function],
  "findAllByAltText": [Function],
  "findAllByDisplayValue": [Function],
  "findAllByLabelText": [Function],
  "findAllByPlaceholderText": [Function],
  "findAllByRole": [Function],
  "findAllByTestId": [Function],
  "findAllByText": [Function],
  "findAllByTitle": [Function],
  "findByAltText": [Function],
  "findByDisplayValue": [Function],
  "findByLabelText": [Function],
  "findByPlaceholderText": [Function],
  "findByRole": [Function],
  "findByTestId": [Function],
  "findByText": [Function],
  "findByTitle": [Function],
  "getAllByAltText": [Function],
  "getAllByDisplayValue": [Function],
  "getAllByLabelText": [Function],
  "getAllByPlaceholderText": [Function],
  "getAllByRole": [Function],
  "getAllByTestId": [Function],
  "getAllByText": [Function],
  "getAllByTitle": [Function],
  "getByAltText": [Function],
  "getByDisplayValue": [Function],
  "getByLabelText": [Function],
  "getByPlaceholderText": [Function],
  "getByRole": [Function],
  "getByTestId": [Function],
  "getByText": [Function],
  "getByTitle": [Function],
  "queryAllByAltText": [Function],
  "queryAllByDisplayValue": [Function],
  "queryAllByLabelText": [Function],
  "queryAllByPlaceholderText": [Function],
  "queryAllByRole": [Function],
  "queryAllByTestId": [Function],
  "queryAllByText": [Function],
  "queryAllByTitle": [Function],
  "queryByAltText": [Function],
  "queryByDisplayValue": [Function],
  "queryByLabelText": [Function],
  "queryByPlaceholderText": [Function],
  "queryByRole": [Function],
  "queryByTestId": [Function],
  "queryByText": [Function],
  "queryByTitle": [Function],
  "rerender": [Function],
  "unmount": [Function],
}
`;
