// Jest Snapshot v1, https://goo.gl/fbAQLP

exports[`Footer renders correctly 1`] = `
Object {
  "asFragment": [Function],
  "baseElement": <body>
    <div>
      <aside
        class="sc-AxirZ lmvwwP"
        id="contact"
      >
        <header
          class="sc-AxiKw ihVPJd"
        >
          <h1
            class="sc-AxjAm sc-AxhCb hqTGCv heading heading--h1"
          >
            Contact me
          </h1>
        </header>
        <div
          class="sc-AxhUy jSnPkM"
        >
          <div
            class="sc-AxgMl JpLPp"
          >
            <p>
              Take a sit. How can I help you?
            </p>
          </div>
          <div
            class="sc-AxgMl JpLPp"
          >
            Your name + Email
          </div>
          <div
            class="sc-AxgMl JpLPp"
          >
            Your message + Send your message
          </div>
        </div>
      </aside>
      <aside
        class="sc-AxirZ gLHtXh"
      >
        <h1
          class="sc-AxjAm sc-AxhCb hqTGCv heading heading--h1"
        >
          I'm also in
        </h1>
        <ul
          class="sc-AxheI ggEYld list"
        >
          <li
            class="sc-fzpans bihvlY"
          >
            <a
              class="sc-Axmtr cDyQjN"
              href="https://github.com/calderon"
              title="github"
            >
              github
            </a>
          </li>
          <li
            class="sc-fzpans bihvlY"
          >
            <a
              class="sc-Axmtr cDyQjN"
              href="https://twitter.com/dcalderon"
              title="twitter"
            >
              twitter
            </a>
          </li>
          <li
            class="sc-fzpans bihvlY"
          >
            <a
              class="sc-Axmtr cDyQjN"
              href="http://linkedin.com/in/danielcalderon"
              title="linkedin"
            >
              linkedin
            </a>
          </li>
          <li
            class="sc-fzpans bihvlY"
          >
            <a
              class="sc-Axmtr cDyQjN"
              href="https://stackoverflow.com/users/7442990/daniel-calder%c3%b3n-portillo"
              title="stack overflow"
            >
              stack overflow
            </a>
          </li>
        </ul>
      </aside>
      <footer
        class="sc-AxirZ iWVlHZ"
      >
        <div
          class="sc-AxhUy dIGGQW"
        >
          <div
            class="sc-AxgMl JpLPp"
          >
            <p>
              This blog is made with
               
              <a
                class="sc-Axmtr cDyQjN"
                href="https://www.gatsbyjs.org/"
                title="gatsby"
              >
                gatsby
              </a>
              , hosted in
               
              <a
                class="sc-Axmtr cDyQjN"
                href="https://github.com/calderon/blog"
                title="github"
              >
                github
              </a>
               and deployed using github actions.
            </p>
          </div>
          <div
            class="sc-AxgMl fsfdzF"
            opacity=".6"
          >
            <p>
              content is
               
              <span
                class="copyright"
              >
                © 
                2020
                 danielcalderon.dev
              </span>
            </p>
          </div>
        </div>
      </footer>
    </div>
  </body>,
  "container": <div>
    <aside
      class="sc-AxirZ lmvwwP"
      id="contact"
    >
      <header
        class="sc-AxiKw ihVPJd"
      >
        <h1
          class="sc-AxjAm sc-AxhCb hqTGCv heading heading--h1"
        >
          Contact me
        </h1>
      </header>
      <div
        class="sc-AxhUy jSnPkM"
      >
        <div
          class="sc-AxgMl JpLPp"
        >
          <p>
            Take a sit. How can I help you?
          </p>
        </div>
        <div
          class="sc-AxgMl JpLPp"
        >
          Your name + Email
        </div>
        <div
          class="sc-AxgMl JpLPp"
        >
          Your message + Send your message
        </div>
      </div>
    </aside>
    <aside
      class="sc-AxirZ gLHtXh"
    >
      <h1
        class="sc-AxjAm sc-AxhCb hqTGCv heading heading--h1"
      >
        I'm also in
      </h1>
      <ul
        class="sc-AxheI ggEYld list"
      >
        <li
          class="sc-fzpans bihvlY"
        >
          <a
            class="sc-Axmtr cDyQjN"
            href="https://github.com/calderon"
            title="github"
          >
            github
          </a>
        </li>
        <li
          class="sc-fzpans bihvlY"
        >
          <a
            class="sc-Axmtr cDyQjN"
            href="https://twitter.com/dcalderon"
            title="twitter"
          >
            twitter
          </a>
        </li>
        <li
          class="sc-fzpans bihvlY"
        >
          <a
            class="sc-Axmtr cDyQjN"
            href="http://linkedin.com/in/danielcalderon"
            title="linkedin"
          >
            linkedin
          </a>
        </li>
        <li
          class="sc-fzpans bihvlY"
        >
          <a
            class="sc-Axmtr cDyQjN"
            href="https://stackoverflow.com/users/7442990/daniel-calder%c3%b3n-portillo"
            title="stack overflow"
          >
            stack overflow
          </a>
        </li>
      </ul>
    </aside>
    <footer
      class="sc-AxirZ iWVlHZ"
    >
      <div
        class="sc-AxhUy dIGGQW"
      >
        <div
          class="sc-AxgMl JpLPp"
        >
          <p>
            This blog is made with
             
            <a
              class="sc-Axmtr cDyQjN"
              href="https://www.gatsbyjs.org/"
              title="gatsby"
            >
              gatsby
            </a>
            , hosted in
             
            <a
              class="sc-Axmtr cDyQjN"
              href="https://github.com/calderon/blog"
              title="github"
            >
              github
            </a>
             and deployed using github actions.
          </p>
        </div>
        <div
          class="sc-AxgMl fsfdzF"
          opacity=".6"
        >
          <p>
            content is
             
            <span
              class="copyright"
            >
              © 
              2020
               danielcalderon.dev
            </span>
          </p>
        </div>
      </div>
    </footer>
  </div>,
  "debug": [Function],
  "findAllByAltText": [Function],
  "findAllByDisplayValue": [Function],
  "findAllByLabelText": [Function],
  "findAllByPlaceholderText": [Function],
  "findAllByRole": [Function],
  "findAllByTestId": [Function],
  "findAllByText": [Function],
  "findAllByTitle": [Function],
  "findByAltText": [Function],
  "findByDisplayValue": [Function],
  "findByLabelText": [Function],
  "findByPlaceholderText": [Function],
  "findByRole": [Function],
  "findByTestId": [Function],
  "findByText": [Function],
  "findByTitle": [Function],
  "getAllByAltText": [Function],
  "getAllByDisplayValue": [Function],
  "getAllByLabelText": [Function],
  "getAllByPlaceholderText": [Function],
  "getAllByRole": [Function],
  "getAllByTestId": [Function],
  "getAllByText": [Function],
  "getAllByTitle": [Function],
  "getByAltText": [Function],
  "getByDisplayValue": [Function],
  "getByLabelText": [Function],
  "getByPlaceholderText": [Function],
  "getByRole": [Function],
  "getByTestId": [Function],
  "getByText": [Function],
  "getByTitle": [Function],
  "queryAllByAltText": [Function],
  "queryAllByDisplayValue": [Function],
  "queryAllByLabelText": [Function],
  "queryAllByPlaceholderText": [Function],
  "queryAllByRole": [Function],
  "queryAllByTestId": [Function],
  "queryAllByText": [Function],
  "queryAllByTitle": [Function],
  "queryByAltText": [Function],
  "queryByDisplayValue": [Function],
  "queryByLabelText": [Function],
  "queryByPlaceholderText": [Function],
  "queryByRole": [Function],
  "queryByTestId": [Function],
  "queryByText": [Function],
  "queryByTitle": [Function],
  "rerender": [Function],
  "unmount": [Function],
}
`;
